/opt/miniconda3/lib/python3.12/site-packages/stable_baselines3/common/save_util.py:284: UserWarning: Path 'ppo_results_mon/ppo_profit_wvar_approval_lam10.0_seed3' does not exist. Will create it.
  warnings.warn(f"Path '{path.parent}' does not exist. Will create it.")
[train] ppo_profit_wvar_mean_lam10.0_seed0  timesteps=200,000
[done]  saved ppo_results_mon/ppo_profit_wvar_mean_lam10.0_seed0/model.zip + ppo_results_mon/ppo_profit_wvar_mean_lam10.0_seed0/vecnorm.pkl
  [1/10] training runs complete

[train] ppo_profit_wvar_mean_lam10.0_seed1  timesteps=200,000
[done]  saved ppo_results_mon/ppo_profit_wvar_mean_lam10.0_seed1/model.zip + ppo_results_mon/ppo_profit_wvar_mean_lam10.0_seed1/vecnorm.pkl
  [2/10] training runs complete

[train] ppo_profit_wvar_mean_lam10.0_seed2  timesteps=200,000
[done]  saved ppo_results_mon/ppo_profit_wvar_mean_lam10.0_seed2/model.zip + ppo_results_mon/ppo_profit_wvar_mean_lam10.0_seed2/vecnorm.pkl
  [3/10] training runs complete

[train] ppo_profit_wvar_mean_lam10.0_seed3  timesteps=200,000
[done]  saved ppo_results_mon/ppo_profit_wvar_mean_lam10.0_seed3/model.zip + ppo_results_mon/ppo_profit_wvar_mean_lam10.0_seed3/vecnorm.pkl
  [4/10] training runs complete

[train] ppo_profit_wvar_mean_lam10.0_seed4  timesteps=200,000
[done]  saved ppo_results_mon/ppo_profit_wvar_mean_lam10.0_seed4/model.zip + ppo_results_mon/ppo_profit_wvar_mean_lam10.0_seed4/vecnorm.pkl
  [5/10] training runs complete

[train] ppo_profit_wvar_approval_lam10.0_seed0  timesteps=200,000
[done]  saved ppo_results_mon/ppo_profit_wvar_approval_lam10.0_seed0/model.zip + ppo_results_mon/ppo_profit_wvar_approval_lam10.0_seed0/vecnorm.pkl
  [6/10] training runs complete

[train] ppo_profit_wvar_approval_lam10.0_seed1  timesteps=200,000
[done]  saved ppo_results_mon/ppo_profit_wvar_approval_lam10.0_seed1/model.zip + ppo_results_mon/ppo_profit_wvar_approval_lam10.0_seed1/vecnorm.pkl
  [7/10] training runs complete

[train] ppo_profit_wvar_approval_lam10.0_seed2  timesteps=200,000
[done]  saved ppo_results_mon/ppo_profit_wvar_approval_lam10.0_seed2/model.zip + ppo_results_mon/ppo_profit_wvar_approval_lam10.0_seed2/vecnorm.pkl
  [8/10] training runs complete

[train] ppo_profit_wvar_approval_lam10.0_seed3  timesteps=200,000
[done]  saved ppo_results_mon/ppo_profit_wvar_approval_lam10.0_seed3/model.zip + ppo_results_mon/ppo_profit_wvar_approval_lam10.0_seed3/vecnorm.pkl
  [9/10] training runs complete

[train] ppo_profit_wvar_approval_lam10.0_seed4  timesteps=200,000
[done]  saved ppo_results_mon/ppo_profit_wvar_approval_lam10.0_seed4/model.zip + ppo_results_mon/ppo_profit_wvar_approval_lam10.0_seed4/vecnorm.pkl
  [10/10] training runs complete

  PPO  mode=profit_wvar_mean  lam=10.0
  [warn] missing ppo_results_mon/ppo_profit_wvar_mean_lam10.0_seed0/policy.pt, skipping seed 0.
  [warn] missing ppo_results_mon/ppo_profit_wvar_mean_lam10.0_seed1/policy.pt, skipping seed 1.
  [warn] missing ppo_results_mon/ppo_profit_wvar_mean_lam10.0_seed2/policy.pt, skipping seed 2.
  [warn] missing ppo_results_mon/ppo_profit_wvar_mean_lam10.0_seed3/policy.pt, skipping seed 3.
  [warn] missing ppo_results_mon/ppo_profit_wvar_mean_lam10.0_seed4/policy.pt, skipping seed 4.
    [warn] No trained PPO models found for (profit_wvar_mean, lam=10.0)
  baselines mode=profit_wvar_mean  lam=10.0
    ProfitMax            cum_profit=1173066.0±1956.3  final_wvar=0.0154±0.0002
    DemographicParity    cum_profit=1067788.4±3661.2  final_wvar=0.0106±0.0001
  PPO  mode=profit_wvar_approval  lam=10.0
  [warn] missing ppo_results_mon/ppo_profit_wvar_approval_lam10.0_seed0/policy.pt, skipping seed 0.
  [warn] missing ppo_results_mon/ppo_profit_wvar_approval_lam10.0_seed1/policy.pt, skipping seed 1.
  [warn] missing ppo_results_mon/ppo_profit_wvar_approval_lam10.0_seed2/policy.pt, skipping seed 2.
    cum_profit=1306639.5±7603.5  final_wvar=0.0146±0.0001
  baselines mode=profit_wvar_approval  lam=10.0
    ProfitMax            cum_profit=1173066.0±1956.3  final_wvar=0.0154±0.0002
    DemographicParity    cum_profit=1067788.4±3661.2  final_wvar=0.0106±0.0001

Wrote 5 rows: ppo_sweep_results_mean_10.csv
